assets/photo-batch-2-vetted/082.webp: OK
assets/photo-batch-2-vetted/083.webp: OK
assets/photo-batch-2-vetted/084.webp: OK
assets/photo-batch-2-vetted/089.webp: OK
assets/photo-batch-2-vetted/107.webp: OK
assets/photo-batch-2-vetted/108.webp: OK
assets/photo-batch-2-vetted/109.webp: OK
assets/photo-batch-2-vetted/282.webp: OK
assets/photo-batch-2-vetted/284.webp: OK
data/stores.json: OK
data/photo-manifest.json: OK
data/photo-policy.json: OK
data/photo-batch2-structure-report.json: OK
data/photo-batch2-vetted-assets.json: OK
data/photo-batch2-vetted-assignments.json: OK
data/photo-batch2-vetted-report.json: OK
data/photo-batch2-vetted-review-decisions.json: OK
scripts/seed-photo-batch2-vetted.mjs: OK
scripts/apply-photo-batch2-vetted.mjs: OK
scripts/generate-photo-batch2-payload-manifest.mjs: OK
scripts/validate-photo-batch2-vetted.mjs: OK
scripts/validate-data.mjs: OK
.github/workflows/integration-validation.yml: OK
payload-manifest.json: OK
