PASS 승인 WebP 사진 수 - 9/9
PASS 사진 존재 082 - assets/photo-batch-2-vetted/082.webp
PASS 사진 크기 082 - 10846/10846
PASS 사진 SHA-256 082 - 4b9b3aec6b8c419027be0d9a27cbe51659ff69f7a8d3860fecb31edf77acc84a
PASS WebP 형식 082
PASS 사진 존재 083 - assets/photo-batch-2-vetted/083.webp
PASS 사진 크기 083 - 7274/7274
PASS 사진 SHA-256 083 - 76a6d3fc5a0cee78f390195a4e5fe3516cbcdd62933010baca885a7a9072e1dc
PASS WebP 형식 083
PASS 사진 존재 084 - assets/photo-batch-2-vetted/084.webp
PASS 사진 크기 084 - 3398/3398
PASS 사진 SHA-256 084 - 1cc0188609cb49a591944dcf4615ee91f770d30813d218fcfe2f9b420eeb0ec2
PASS WebP 형식 084
PASS 사진 존재 089 - assets/photo-batch-2-vetted/089.webp
PASS 사진 크기 089 - 5054/5054
PASS 사진 SHA-256 089 - 0906964b97b94bac1ec996450d75faa02c8506ce21347ab435a4f7112be65d83
PASS WebP 형식 089
PASS 사진 존재 107 - assets/photo-batch-2-vetted/107.webp
PASS 사진 크기 107 - 7472/7472
PASS 사진 SHA-256 107 - 3aa0f30d473a70e1092a978ccaa3b1f093c3980ffb769352ddf2160ead5dee0d
PASS WebP 형식 107
PASS 사진 존재 108 - assets/photo-batch-2-vetted/108.webp
PASS 사진 크기 108 - 8416/8416
PASS 사진 SHA-256 108 - c85963e5599f92ed81dc006af902f31d5df56be2a693f82bae90e50f73c0fb40
PASS WebP 형식 108
PASS 사진 존재 109 - assets/photo-batch-2-vetted/109.webp
PASS 사진 크기 109 - 6100/6100
PASS 사진 SHA-256 109 - ab2ecebceebb569162e12d28d2d301c6853f01b65175d87caab2be28a2b84f48
PASS WebP 형식 109
PASS 사진 존재 282 - assets/photo-batch-2-vetted/282.webp
PASS 사진 크기 282 - 3402/3402
PASS 사진 SHA-256 282 - fe473112ea6a1dd77e7daeb21cdf43a7cf91e5ecee1b9f9696dc8bb79a6239c0
PASS WebP 형식 282
PASS 사진 존재 284 - assets/photo-batch-2-vetted/284.webp
PASS 사진 크기 284 - 4922/4922
PASS 사진 SHA-256 284 - 6fc02db236ead95ab450e5fa6d759d5ddec606b0b6c442af08b59421c56a5584
PASS WebP 형식 284
PASS 적용 가게 배정 수 - 14/14
PASS 실제 참조 사진 경로 수 - 9/9
PASS 실제 참조 사진 ID 수 - 9/9
PASS 가게 존재 교촌치킨 국동점
PASS 대표사진 적용 교촌치킨 국동점 - assets/photo-batch-2-vetted/282.webp
PASS 다중사진 적용 교촌치킨 국동점 - 1/1
PASS 매니페스트 대표사진 교촌치킨 국동점 - assets/photo-batch-2-vetted/282.webp
PASS 매니페스트 추가사진 교촌치킨 국동점 - 0/0
PASS 가게 존재 교촌치킨 덕충점
PASS 대표사진 적용 교촌치킨 덕충점 - assets/photo-batch-2-vetted/284.webp
PASS 다중사진 적용 교촌치킨 덕충점 - 1/1
PASS 매니페스트 대표사진 교촌치킨 덕충점 - assets/photo-batch-2-vetted/284.webp
PASS 매니페스트 추가사진 교촌치킨 덕충점 - 0/0
PASS 가게 존재 교촌치킨 돌산점
PASS 대표사진 적용 교촌치킨 돌산점 - assets/photo-batch-2-vetted/282.webp
PASS 다중사진 적용 교촌치킨 돌산점 - 1/1
PASS 매니페스트 대표사진 교촌치킨 돌산점 - assets/photo-batch-2-vetted/282.webp
PASS 매니페스트 추가사진 교촌치킨 돌산점 - 0/0
PASS 가게 존재 교촌치킨 문수점
PASS 대표사진 적용 교촌치킨 문수점 - assets/photo-batch-2-vetted/284.webp
PASS 다중사진 적용 교촌치킨 문수점 - 1/1
PASS 매니페스트 대표사진 교촌치킨 문수점 - assets/photo-batch-2-vetted/284.webp
PASS 매니페스트 추가사진 교촌치킨 문수점 - 0/0
PASS 가게 존재 교촌치킨 신기점
PASS 대표사진 적용 교촌치킨 신기점 - assets/photo-batch-2-vetted/282.webp
PASS 다중사진 적용 교촌치킨 신기점 - 1/1
PASS 매니페스트 대표사진 교촌치킨 신기점 - assets/photo-batch-2-vetted/282.webp
PASS 매니페스트 추가사진 교촌치킨 신기점 - 0/0
PASS 가게 존재 교촌치킨 안산점
PASS 대표사진 적용 교촌치킨 안산점 - assets/photo-batch-2-vetted/284.webp
PASS 다중사진 적용 교촌치킨 안산점 - 1/1
PASS 매니페스트 대표사진 교촌치킨 안산점 - assets/photo-batch-2-vetted/284.webp
PASS 매니페스트 추가사진 교촌치킨 안산점 - 0/0
PASS 가게 존재 교촌치킨 웅천점
PASS 대표사진 적용 교촌치킨 웅천점 - assets/photo-batch-2-vetted/282.webp
PASS 다중사진 적용 교촌치킨 웅천점 - 1/1
PASS 매니페스트 대표사진 교촌치킨 웅천점 - assets/photo-batch-2-vetted/282.webp
PASS 매니페스트 추가사진 교촌치킨 웅천점 - 0/0
PASS 가게 존재 교촌치킨 죽림무선점
PASS 대표사진 적용 교촌치킨 죽림무선점 - assets/photo-batch-2-vetted/284.webp
PASS 다중사진 적용 교촌치킨 죽림무선점 - 1/1
PASS 매니페스트 대표사진 교촌치킨 죽림무선점 - assets/photo-batch-2-vetted/284.webp
PASS 매니페스트 추가사진 교촌치킨 죽림무선점 - 0/0
PASS 가게 존재 맘스터치 무선점
PASS 대표사진 적용 맘스터치 무선점 - assets/photo-batch-2-vetted/082.webp
PASS 다중사진 적용 맘스터치 무선점 - 1/1
PASS 매니페스트 대표사진 맘스터치 무선점 - assets/photo-batch-2-vetted/082.webp
PASS 매니페스트 추가사진 맘스터치 무선점 - 0/0
PASS 가게 존재 맘스터치 여천 학동점
PASS 대표사진 적용 맘스터치 여천 학동점 - assets/photo-batch-2-vetted/083.webp
PASS 다중사진 적용 맘스터치 여천 학동점 - 1/1
PASS 매니페스트 대표사진 맘스터치 여천 학동점 - assets/photo-batch-2-vetted/083.webp
PASS 매니페스트 추가사진 맘스터치 여천 학동점 - 0/0
PASS 가게 존재 맘스터치 엑스포점
PASS 대표사진 적용 맘스터치 엑스포점 - assets/photo-batch-2-vetted/084.webp
PASS 다중사진 적용 맘스터치 엑스포점 - 1/1
PASS 매니페스트 대표사진 맘스터치 엑스포점 - assets/photo-batch-2-vetted/084.webp
PASS 매니페스트 추가사진 맘스터치 엑스포점 - 0/0
PASS 가게 존재 맘스터치 중앙점
PASS 대표사진 적용 맘스터치 중앙점 - assets/photo-batch-2-vetted/082.webp
PASS 다중사진 적용 맘스터치 중앙점 - 1/1
PASS 매니페스트 대표사진 맘스터치 중앙점 - assets/photo-batch-2-vetted/082.webp
PASS 매니페스트 추가사진 맘스터치 중앙점 - 0/0
PASS 가게 존재 맥도날드 여수학동DT점
PASS 대표사진 적용 맥도날드 여수학동DT점 - assets/photo-batch-2-vetted/089.webp
PASS 다중사진 적용 맥도날드 여수학동DT점 - 1/1
PASS 매니페스트 대표사진 맥도날드 여수학동DT점 - assets/photo-batch-2-vetted/089.webp
PASS 매니페스트 추가사진 맥도날드 여수학동DT점 - 0/0
PASS 가게 존재 배가네왕족보 여문본점
PASS 대표사진 적용 배가네왕족보 여문본점 - assets/photo-batch-2-vetted/107.webp
PASS 다중사진 적용 배가네왕족보 여문본점 - 3/3
PASS 매니페스트 대표사진 배가네왕족보 여문본점 - assets/photo-batch-2-vetted/107.webp
PASS 매니페스트 추가사진 배가네왕족보 여문본점 - 2/2
PASS 전체 가게 수 - 471/471
PASS 사진 보유 가게 수 - 386/386
PASS 사진 준비 중 가게 수 - 85/85
PASS 전수검수 원본 타일 - 374/374
PASS 이전 승인 후보 - 20/20
PASS 최종 승인 사진 - 9/9
PASS 전체 제외 사진 - 27/27
PASS 재검수 제외 090
PASS 재검수 제외 091
PASS 재검수 제외 106
PASS 재검수 제외 169
PASS 재검수 제외 170
PASS 재검수 제외 202
PASS 재검수 제외 203
PASS 재검수 제외 205
PASS 재검수 제외 277
PASS 재검수 제외 280
PASS 재검수 제외 327
PASS 메뉴·홍보 사진 차단 169
PASS 메뉴·홍보 사진 차단 170
PASS 승인·제외 목록 중복 없음
PASS 적용 보고 사진 수 - 9/9
PASS 적용 보고 가게 수 - 14/14
PASS 기존 정상사진 수 보존 - 372/372
PASS 보고서 사진 준비 중 수 - 85/85
PASS 2차 패키지 활성화
PASS 1차 누락파일 임의생성 금지
PASS payload-manifest 파일 수 - 23/23
PASS 매니페스트 존재 assets/photo-batch-2-vetted/082.webp
PASS 매니페스트 크기 assets/photo-batch-2-vetted/082.webp - 10846/10846
PASS 매니페스트 SHA assets/photo-batch-2-vetted/082.webp
PASS 매니페스트 존재 assets/photo-batch-2-vetted/083.webp
PASS 매니페스트 크기 assets/photo-batch-2-vetted/083.webp - 7274/7274
PASS 매니페스트 SHA assets/photo-batch-2-vetted/083.webp
PASS 매니페스트 존재 assets/photo-batch-2-vetted/084.webp
PASS 매니페스트 크기 assets/photo-batch-2-vetted/084.webp - 3398/3398
PASS 매니페스트 SHA assets/photo-batch-2-vetted/084.webp
PASS 매니페스트 존재 assets/photo-batch-2-vetted/089.webp
PASS 매니페스트 크기 assets/photo-batch-2-vetted/089.webp - 5054/5054
PASS 매니페스트 SHA assets/photo-batch-2-vetted/089.webp
PASS 매니페스트 존재 assets/photo-batch-2-vetted/107.webp
PASS 매니페스트 크기 assets/photo-batch-2-vetted/107.webp - 7472/7472
PASS 매니페스트 SHA assets/photo-batch-2-vetted/107.webp
PASS 매니페스트 존재 assets/photo-batch-2-vetted/108.webp
PASS 매니페스트 크기 assets/photo-batch-2-vetted/108.webp - 8416/8416
PASS 매니페스트 SHA assets/photo-batch-2-vetted/108.webp
PASS 매니페스트 존재 assets/photo-batch-2-vetted/109.webp
PASS 매니페스트 크기 assets/photo-batch-2-vetted/109.webp - 6100/6100
PASS 매니페스트 SHA assets/photo-batch-2-vetted/109.webp
PASS 매니페스트 존재 assets/photo-batch-2-vetted/282.webp
PASS 매니페스트 크기 assets/photo-batch-2-vetted/282.webp - 3402/3402
PASS 매니페스트 SHA assets/photo-batch-2-vetted/282.webp
PASS 매니페스트 존재 assets/photo-batch-2-vetted/284.webp
PASS 매니페스트 크기 assets/photo-batch-2-vetted/284.webp - 4922/4922
PASS 매니페스트 SHA assets/photo-batch-2-vetted/284.webp
PASS 매니페스트 존재 data/stores.json
PASS 매니페스트 크기 data/stores.json - 1240917/1240917
PASS 매니페스트 SHA data/stores.json
PASS 매니페스트 존재 data/photo-manifest.json
PASS 매니페스트 크기 data/photo-manifest.json - 14944/14944
PASS 매니페스트 SHA data/photo-manifest.json
PASS 매니페스트 존재 data/photo-policy.json
PASS 매니페스트 크기 data/photo-policy.json - 1170/1170
PASS 매니페스트 SHA data/photo-policy.json
PASS 매니페스트 존재 data/photo-batch2-structure-report.json
PASS 매니페스트 크기 data/photo-batch2-structure-report.json - 302/302
PASS 매니페스트 SHA data/photo-batch2-structure-report.json
PASS 매니페스트 존재 data/photo-batch2-vetted-assets.json
PASS 매니페스트 크기 data/photo-batch2-vetted-assets.json - 2016/2016
PASS 매니페스트 SHA data/photo-batch2-vetted-assets.json
PASS 매니페스트 존재 data/photo-batch2-vetted-assignments.json
PASS 매니페스트 크기 data/photo-batch2-vetted-assignments.json - 4103/4103
PASS 매니페스트 SHA data/photo-batch2-vetted-assignments.json
PASS 매니페스트 존재 data/photo-batch2-vetted-report.json
PASS 매니페스트 크기 data/photo-batch2-vetted-report.json - 11188/11188
PASS 매니페스트 SHA data/photo-batch2-vetted-report.json
PASS 매니페스트 존재 data/photo-batch2-vetted-review-decisions.json
PASS 매니페스트 크기 data/photo-batch2-vetted-review-decisions.json - 4679/4679
PASS 매니페스트 SHA data/photo-batch2-vetted-review-decisions.json
PASS 매니페스트 존재 scripts/seed-photo-batch2-vetted.mjs
PASS 매니페스트 크기 scripts/seed-photo-batch2-vetted.mjs - 7498/7498
PASS 매니페스트 SHA scripts/seed-photo-batch2-vetted.mjs
PASS 매니페스트 존재 scripts/apply-photo-batch2-vetted.mjs
PASS 매니페스트 크기 scripts/apply-photo-batch2-vetted.mjs - 9018/9018
PASS 매니페스트 SHA scripts/apply-photo-batch2-vetted.mjs
PASS 매니페스트 존재 scripts/generate-photo-batch2-payload-manifest.mjs
PASS 매니페스트 크기 scripts/generate-photo-batch2-payload-manifest.mjs - 1926/1926
PASS 매니페스트 SHA scripts/generate-photo-batch2-payload-manifest.mjs
PASS 매니페스트 존재 scripts/validate-photo-batch2-vetted.mjs
PASS 매니페스트 크기 scripts/validate-photo-batch2-vetted.mjs - 6349/6349
PASS 매니페스트 SHA scripts/validate-photo-batch2-vetted.mjs
PASS 매니페스트 존재 scripts/validate-data.mjs
PASS 매니페스트 크기 scripts/validate-data.mjs - 4489/4489
PASS 매니페스트 SHA scripts/validate-data.mjs
PASS 매니페스트 존재 .github/workflows/integration-validation.yml
PASS 매니페스트 크기 .github/workflows/integration-validation.yml - 6659/6659
PASS 매니페스트 SHA .github/workflows/integration-validation.yml
PASS SHA256SUMS 항목 수 - 24/24
PASS SHA256SUMS 전체 일치 - 24/24
SUMMARY PASS 209 / FAIL 0
