PASS 문서 제목 
PASS 첫 화면 가게 40개 표시 { initialCards: 40 }
PASS 모바일 가로 넘침 없음 { innerWidth: 390, scrollWidth: 390, appWidth: 390 }
PASS 위치·로고·알림 상단 배치 {
  locationRight: 150,
  logoLeft: 158,
  logoRight: 328,
  noticeLeft: 335,
  gap: 0
}
PASS 로고와 메인 배너 상단 여백 정리 {
  locationRight: 150,
  logoLeft: 158,
  logoRight: 328,
  noticeLeft: 335,
  gap: 0
}
PASS 시작 팝업 표시 
PASS 시작 팝업 X 닫기 
PASS 시작 팝업 바깥 터치 닫기 
PASS 시작 팝업 휴대전화 뒤로가기 닫기 
PASS 메인 배너 무한순환 복제·점 표시 { slides: 19, dots: 17, active: '0' }
PASS 메인 배너 3.5초 자동전환 { before: '0', after: '1' }
PASS 메인 배너 손가락 이동 { before: '1', after: '2' }
PASS 소식 슬라이드 무한순환 { slides: 7, dots: 5, active: '1' }
PASS 다른 주문앱 팝오버 표시 
PASS 선택 앱과 저수수료 안내 같은 팝업 
PASS 원래 선택 앱 계속하기 표시 
PASS 메인 음식 카테고리 표시 { categoryCount: 12 }
PASS 전체 음식 카테고리 모두 표시 { allCategoryCount: 21, dataCategoryCount: 21 }
PASS 주소 입력창 중복 제거 
PASS 동네 선택 목록 표시 
PASS 위치 권한 결과·주소 저장 {
  label: '현재 위치 기준',
  coords: { lat: 34.7604, lng: 127.6622 },
  sortByDistance: true,
  savedAt: '2026-07-18T05:13:11.287Z'
}
PASS GPS 선택 후 팝업 닫기 
PASS 카테고리별 가까운 가게 추천 { firstCategory: '한식' }
PASS 브라우저 검증 대상 가게 확보 {
  detail: '1980밀면회관&냉면 문수점',
  naver: '1989마라탕 봉강점',
  noPhoto: 'BHC 여수국동점'
}
PASS 메인 가게카드 상세전용 정보 제거 {
  mainCardText: '1980밀면회관&냉면 문수점\n\n문수동 · 면요리\n\n동네 중심 기준 약 3.7km\n🏪\n주문방법 보기',
  mainDetailLinks: 0
}
PASS 긴 가게명 두 줄 표시 { text: '1980밀면회관&냉면 문수점', clamp: '2' }
PASS 가게 상세 다중사진 슬라이드 표시 
PASS 상세사진 무한순환 복제 { original: 2, slides: 4, dots: 2, active: '0' }
PASS 상세사진 3.5초 자동전환 { before: '0', after: '1' }
PASS 상세사진 손가락 이동 
PASS 전화·지역상품권 상세 팝업 표시 1980밀면회관&냉면 문수점
‹
›

문수동 · 면요리

🏪
가게바로주문
›
먹깨비
›
☎
전화주문
›
💳
CHAK 지역상품권
›
🗺️
네이버지도에서 보기
›
📦
요기요·쿠팡이츠·배달의민족
PASS 배달 3사 안내를 같은 상세 팝업에 표시 { selectedExternal: '쿠팡이츠' }
PASS 저수수료 주문경로 함께 표시 
PASS 원래 선택 앱 함께 표시 
PASS 상세 팝업 ESC 닫기 
PASS 상세 팝업 바깥 터치 닫기 
PASS 상세 팝업 휴대전화 뒤로가기 닫기 
PASS 네이버지도 상세 팝업에서만 표시 
PASS 사진 없는 가게 중립 준비 중 이미지 
PASS 사진 준비 중 문구 
PASS 페이지 스크롤 작동 
PASS 브라우저 데이터 471개·중복 없음 {
  count: 471,
  uniqueIds: 471,
  uniqueNames: 471,
  withPhoto: 386,
  awaiting: 85,
  coverage: {
    storeCount: 471,
    storesWithPhoto: 386,
    storesAwaitingPhoto: 85,
    updatedAt: '2026-07-18T04:03:09.103Z'
  },
  first: {
    id: 'photo-batch-1-final',
    label: '1차 가게사진 패키지',
    type: 'base64-webp-sprite-parts',
    preferredPath: 'data/photo-batch-1-final',
    fallbackPath: 'data/photo-batch-1',
    expectedParts: 22,
    preferredPartsDetected: 14,
    recoverableParts: 17,
    recoverablePartNumbers: [
       1,  2,  3,  4,  5,  6,  7,
       8,  9, 10, 11, 12, 13, 14,
      15, 16, 17
    ],
    missingPartNumbers: [ 18, 19, 20, 21, 22 ],
    invalidFiles: [ 'data/photo-batch-1-final/sprite-tail-01.txt' ],
    expectedDecodedBytes: 252182,
    status: 'incomplete',
    runtimeEnabled: false,
    reason: '18~22와 가게별 좌표 색인이 없어 임의 생성·노출하지 않는다.'
  },
  second: {
    id: 'photo-batch-2',
    label: '2차 가게사진 패키지 재검수본',
    type: 'direct-vetted-webp-files',
    basePath: 'assets/photo-batch-2-vetted',
    detected: true,
    status: 'active-revalidated',
    runtimeEnabled: true,
    reviewedSourceTiles: 374,
    sourceApprovedCandidates: 20,
    revalidatedApprovedImages: 9,
    excludedSourceImages: 27,
    appliedStores: 14,
    integrityManifest: 'payload-manifest.json',
    integritySums: 'SHA256SUMS.txt',
    assignments: 'data/photo-batch2-vetted-assignments.json',
    reviewDecisions: 'data/photo-batch2-vetted-review-decisions.json',
    reason: '실제 파일 기준 SHA-256·크기 재생성, 글자·가격·전화번호·주소·지점정보·메뉴판 재검수, 기존 정상사진 372곳 보존 후 사진 없는 가게만 보충'
  },
  invalidRoutes: [],
  suspiciousPhotos: []
}
PASS 사진 보유 386·준비 중 85 유지 
PASS 검증 완료 2차 사진 9장·14곳 유지 
PASS 1차 스프라이트 비활성 유지 
PASS 전체 주문주소 형식 정상 
PASS 민감서류·가격표·영수증·개인정보·비음식 경로 차단 
PASS 구형·중복 파일 실제 제거 {
  'app-v7.js': 404,
  'app-v8.js': 404,
  'app-v9.js': 404,
  'styles-v7.css': 404,
  'styles-v8.css': 404,
  'styles-v9.css': 404,
  'fix-v9.css': 404,
  'fix-v9.js': 404
}
PASS 구버전 런타임 자원 미사용 
PASS 현재 표시 이미지 깨짐 없음 []
Error: 브라우저 콘솔·스크립트 오류 없음: ["console: Failed to load resource: the server responded with a status of 404 (File not found)","console: Failed to load resource: the server responded with a status of 404 (File not found)","console: Failed to load resource: the server responded with a status of 404 (File not found)","console: Failed to load resource: the server responded with a status of 404 (File not found)","console: Failed to load resource: the server responded with a status of 404 (File not found)","console: Failed to load resource: the server responded with a status of 404 (File not found)","console: Failed to load resource: the server responded with a status of 404 (File not found)","console: Failed to load resource: the server responded with a status of 404 (File not found)"]
    at check (file:///home/runner/work/daedong-yeosu-foodmap/daedong-yeosu-foodmap/scripts/browser-smoke.mjs:7:23)
    at file:///home/runner/work/daedong-yeosu-foodmap/daedong-yeosu-foodmap/scripts/browser-smoke.mjs:177:3
